// Jest Snapshot v1, https://goo.gl/fbAQLP

exports[`Render Toolbar 1`] = `
<View
  style={
    Object {
      "alignItems": "center",
      "backgroundColor": "#01d277",
      "flexDirection": "row",
      "height": "10%",
      "justifyContent": "space-between",
      "paddingLeft": "5%",
      "paddingRight": "5%",
      "width": "100%",
    }
  }
>
  <Text
    accessible={true}
    allowFontScaling={true}
    ellipsizeMode="tail"
    style={
      Object {
        "color": "#073554",
        "fontSize": 15,
        "margin": 5,
      }
    }
  >
    Movie Finder
  </Text>
  <View
    accessibilityComponentType={undefined}
    accessibilityLabel={undefined}
    accessibilityTraits={undefined}
    accessible={true}
    hasTVPreferredFocus={undefined}
    hitSlop={undefined}
    isTVSelectable={true}
    onLayout={undefined}
    onResponderGrant={[Function]}
    onResponderMove={[Function]}
    onResponderRelease={[Function]}
    onResponderTerminate={[Function]}
    onResponderTerminationRequest={[Function]}
    onStartShouldSetResponder={[Function]}
    style={
      Array [
        Object {
          "backgroundColor": "transparent",
        },
        undefined,
      ]
    }
    testID={undefined}
    tvParallaxProperties={undefined}
  >
    <Text
      accessible={true}
      allowFontScaling={true}
      ellipsizeMode="tail"
      style={
        Object {
          "color": "#073554",
          "fontSize": 15,
          "margin": 5,
        }
      }
    >
      About
    </Text>
  </View>
</View>
`;
