// Jest Snapshot v1, https://goo.gl/fbAQLP

exports[`render and match to snapshot 1`] = `
<View
  style={
    Object {
      "alignItems": "center",
      "backgroundColor": "#F5FCFF",
      "flex": 1,
      "justifyContent": "center",
    }
  }
>
  <Text
    accessible={true}
    allowFontScaling={true}
    ellipsizeMode="tail"
    style={
      Object {
        "fontSize": 20,
        "marginTop": 20,
        "textAlign": "center",
      }
    }
  >
    Photography
  </Text>
  <RCTScrollView>
    <View>
      <View
        style={
          Object {
            "flexDirection": "row",
            "flexWrap": "wrap",
          }
        }
      >
        <Text
          accessible={true}
          allowFontScaling={true}
          ellipsizeMode="tail"
        >
          Loading...
        </Text>
      </View>
    </View>
  </RCTScrollView>
</View>
`;
