// Jest Snapshot v1, https://goo.gl/fbAQLP

exports[`render and match to snapshot 1`] = `
<View
  style={
    Object {
      "alignItems": "center",
      "flexDirection": "column",
    }
  }
>
  <Image
    source={
      Object {
        "uri": undefined,
      }
    }
    style={
      Object {
        "height": "70%",
        "width": "100%",
      }
    }
  />
  <View
    style={
      Array [
        Object {
          "backgroundColor": "white",
          "borderColor": "#e1e8ee",
          "borderWidth": 1,
          "margin": 15,
          "marginBottom": 0,
          "padding": 15,
          "shadowColor": "rgba(0,0,0, .2)",
          "shadowOffset": Object {
            "height": 0,
            "width": 0,
          },
          "shadowOpacity": 1,
          "shadowRadius": 1,
        },
        undefined,
        undefined,
      ]
    }
  >
    <View
      style={
        Array [
          Object {
            "backgroundColor": "transparent",
          },
          undefined,
          undefined,
        ]
      }
    >
      <View>
        <Text
          accessible={true}
          allowFontScaling={true}
          ellipsizeMode="tail"
          style={
            Array [
              Object {},
              undefined,
              undefined,
              undefined,
              undefined,
              undefined,
              undefined,
              undefined,
              undefined,
              undefined,
              Array [
                Object {
                  "color": "#43484d",
                  "fontSize": 17.5,
                  "fontWeight": "bold",
                  "marginBottom": 15,
                  "textAlign": "center",
                },
                undefined,
                undefined,
                undefined,
              ],
            ]
          }
        >
          0 | 
        </Text>
        <View
          style={
            Array [
              Object {
                "backgroundColor": "#e1e8ee",
                "height": 1,
              },
              Array [
                Object {
                  "marginBottom": 15,
                },
                undefined,
              ],
            ]
          }
        />
      </View>
      <Text
        accessible={true}
        allowFontScaling={true}
        ellipsizeMode="tail"
        style={
          Object {
            "color": "#66BB6A",
            "fontSize": 15,
            "fontWeight": "bold",
          }
        }
      >
         Camera : 
        -
         
      </Text>
      <Text
        accessible={true}
        allowFontScaling={true}
        ellipsizeMode="tail"
        style={
          Object {
            "color": "#66BB6A",
            "fontSize": 15,
            "fontWeight": "bold",
          }
        }
      >
         Lens : 
        -
         
      </Text>
      <Text
        accessible={true}
        allowFontScaling={true}
        ellipsizeMode="tail"
        style={
          Object {
            "color": "#66BB6A",
            "fontSize": 15,
            "fontWeight": "bold",
          }
        }
      >
         Photo By : 
        
         
        
         
      </Text>
    </View>
  </View>
</View>
`;
